
Attaching package: ‘dplyr’

The following objects are masked from ‘package:stats’:

    filter, lag

The following objects are masked from ‘package:base’:

    intersect, setdiff, setequal, union

Rows: 10000 Columns: 5
── Column specification ────────────────────────────────────────────────────────
Delimiter: ","
chr (1): sex
dbl (4): auto_p, mito_p, mito_scaled_p, pheno

ℹ Use `spec()` to retrieve the full column specification for this data.
ℹ Specify the column types or set `show_col_types = FALSE` to quiet this message.
Rows: 10000 Columns: 5
── Column specification ────────────────────────────────────────────────────────
Delimiter: ","
chr (1): sex
dbl (4): auto_p, mito_p, mito_scaled_p, pheno

ℹ Use `spec()` to retrieve the full column specification for this data.
ℹ Specify the column types or set `show_col_types = FALSE` to quiet this message.

Attaching package: ‘dplyr’


Attaching package: ‘dplyr’


Attaching package: ‘dplyr’

The following objects are masked from ‘package:stats’:

    filter, lag

The following objects are masked from ‘package:stats’:

    filter, lag

The following objects are masked from ‘package:stats’:

    filter, lag

The following objects are masked from ‘package:base’:

    intersect, setdiff, setequal, union

The following objects are masked from ‘package:base’:

    intersect, setdiff, setequal, union

The following objects are masked from ‘package:base’:

    intersect, setdiff, setequal, union

Rows: 10000 Columns: 5
── Column specification ────────────────────────────────────────────────────────
Delimiter: ","
chr (1): sex
dbl (4): auto_p, mito_p, mito_scaled_p, pheno

ℹ Use `spec()` to retrieve the full column specification for this data.
ℹ Specify the column types or set `show_col_types = FALSE` to quiet this message.
Rows: 10000 Columns: 5
── Column specification ────────────────────────────────────────────────────────
Delimiter: ","
chr (1): sex
dbl (4): auto_p, mito_p, mito_scaled_p, pheno

ℹ Use `spec()` to retrieve the full column specification for this data.
ℹ Specify the column types or set `show_col_types = FALSE` to quiet this message.
Rows: 10000 Columns: 5
── Column specification ────────────────────────────────────────────────────────
Delimiter: ","
chr (1): sex
dbl (4): auto_p, mito_p, mito_scaled_p, pheno

ℹ Use `spec()` to retrieve the full column specification for this data.
ℹ Specify the column types or set `show_col_types = FALSE` to quiet this message.
Rows: 10000 Columns: 5
── Column specification ────────────────────────────────────────────────────────
Delimiter: ","
chr (1): sex
dbl (4): auto_p, mito_p, mito_scaled_p, pheno

ℹ Use `spec()` to retrieve the full column specification for this data.
ℹ Specify the column types or set `show_col_types = FALSE` to quiet this message.
Rows: 10000 Columns: 5
── Column specification ────────────────────────────────────────────────────────
Delimiter: ","
chr (1): sex
dbl (4): auto_p, mito_p, mito_scaled_p, pheno

ℹ Use `spec()` to retrieve the full column specification for this data.
ℹ Specify the column types or set `show_col_types = FALSE` to quiet this message.
Rows: 10000 Columns: 5
── Column specification ────────────────────────────────────────────────────────
Delimiter: ","
chr (1): sex
dbl (4): auto_p, mito_p, mito_scaled_p, pheno

ℹ Use `spec()` to retrieve the full column specification for this data.
ℹ Specify the column types or set `show_col_types = FALSE` to quiet this message.
