
Attaching package: ‘dplyr’

The following objects are masked from ‘package:stats’:

    filter, lag

The following objects are masked from ‘package:base’:

    intersect, setdiff, setequal, union

Rows: 10000 Columns: 6
── Column specification ────────────────────────────────────────────────────────
Delimiter: ","
chr (1): sex
dbl (5): num, auto_p, mito_p, mito_s_p, pheno

ℹ Use `spec()` to retrieve the full column specification for this data.
ℹ Specify the column types or set `show_col_types = FALSE` to quiet this message.
Rows: 10000 Columns: 6
── Column specification ────────────────────────────────────────────────────────
Delimiter: ","
chr (1): sex
dbl (5): num, auto_p, mito_p, mito_s_p, pheno

ℹ Use `spec()` to retrieve the full column specification for this data.
ℹ Specify the column types or set `show_col_types = FALSE` to quiet this message.
Rows: 10000 Columns: 6
── Column specification ────────────────────────────────────────────────────────
Delimiter: ","
chr (1): sex
dbl (5): num, auto_p, mito_p, mito_s_p, pheno

ℹ Use `spec()` to retrieve the full column specification for this data.
ℹ Specify the column types or set `show_col_types = FALSE` to quiet this message.
Rows: 10000 Columns: 6
── Column specification ────────────────────────────────────────────────────────
Delimiter: ","
chr (1): sex
dbl (5): num, auto_p, mito_p, mito_s_p, pheno

ℹ Use `spec()` to retrieve the full column specification for this data.
ℹ Specify the column types or set `show_col_types = FALSE` to quiet this message.
Rows: 10000 Columns: 6
── Column specification ────────────────────────────────────────────────────────
Delimiter: ","
chr (1): sex
dbl (5): num, auto_p, mito_p, mito_s_p, pheno

ℹ Use `spec()` to retrieve the full column specification for this data.
ℹ Specify the column types or set `show_col_types = FALSE` to quiet this message.
Rows: 10000 Columns: 6
── Column specification ────────────────────────────────────────────────────────
Delimiter: ","
chr (1): sex
dbl (5): num, auto_p, mito_p, mito_s_p, pheno

ℹ Use `spec()` to retrieve the full column specification for this data.
ℹ Specify the column types or set `show_col_types = FALSE` to quiet this message.
Rows: 10000 Columns: 6
── Column specification ────────────────────────────────────────────────────────
Delimiter: ","
chr (1): sex
dbl (5): num, auto_p, mito_p, mito_s_p, pheno

ℹ Use `spec()` to retrieve the full column specification for this data.
ℹ Specify the column types or set `show_col_types = FALSE` to quiet this message.
Rows: 10000 Columns: 6
── Column specification ────────────────────────────────────────────────────────
Delimiter: ","
chr (1): sex
dbl (5): num, auto_p, mito_p, mito_s_p, pheno

ℹ Use `spec()` to retrieve the full column specification for this data.
ℹ Specify the column types or set `show_col_types = FALSE` to quiet this message.
Rows: 10000 Columns: 6
── Column specification ────────────────────────────────────────────────────────
Delimiter: ","
chr (1): sex
dbl (5): num, auto_p, mito_p, mito_s_p, pheno

ℹ Use `spec()` to retrieve the full column specification for this data.
ℹ Specify the column types or set `show_col_types = FALSE` to quiet this message.
Rows: 10000 Columns: 6
── Column specification ────────────────────────────────────────────────────────
Delimiter: ","
chr (1): sex
dbl (5): num, auto_p, mito_p, mito_s_p, pheno

ℹ Use `spec()` to retrieve the full column specification for this data.
ℹ Specify the column types or set `show_col_types = FALSE` to quiet this message.
Rows: 10000 Columns: 6
── Column specification ────────────────────────────────────────────────────────
Delimiter: ","
chr (1): sex
dbl (5): num, auto_p, mito_p, mito_s_p, pheno

ℹ Use `spec()` to retrieve the full column specification for this data.
ℹ Specify the column types or set `show_col_types = FALSE` to quiet this message.
Rows: 10000 Columns: 6
── Column specification ────────────────────────────────────────────────────────
Delimiter: ","
chr (1): sex
dbl (5): num, auto_p, mito_p, mito_s_p, pheno

ℹ Use `spec()` to retrieve the full column specification for this data.
ℹ Specify the column types or set `show_col_types = FALSE` to quiet this message.
slurmstepd: error: eio_handle_mainloop: Abandoning IO 60 secs after job shutdown initiated
Rows: 10000 Columns: 6
── Column specification ────────────────────────────────────────────────────────
Delimiter: ","
chr (1): sex
dbl (5): num, auto_p, mito_p, mito_s_p, pheno

ℹ Use `spec()` to retrieve the full column specification for this data.
ℹ Specify the column types or set `show_col_types = FALSE` to quiet this message.
Rows: 10000 Columns: 6
── Column specification ────────────────────────────────────────────────────────
Delimiter: ","
chr (1): sex
dbl (5): num, auto_p, mito_p, mito_s_p, pheno

ℹ Use `spec()` to retrieve the full column specification for this data.
ℹ Specify the column types or set `show_col_types = FALSE` to quiet this message.
Rows: 10000 Columns: 6
── Column specification ────────────────────────────────────────────────────────
Delimiter: ","
chr (1): sex
dbl (5): num, auto_p, mito_p, mito_s_p, pheno

ℹ Use `spec()` to retrieve the full column specification for this data.
ℹ Specify the column types or set `show_col_types = FALSE` to quiet this message.
Rows: 10000 Columns: 6
── Column specification ────────────────────────────────────────────────────────
Delimiter: ","
chr (1): sex
dbl (5): num, auto_p, mito_p, mito_s_p, pheno

ℹ Use `spec()` to retrieve the full column specification for this data.
ℹ Specify the column types or set `show_col_types = FALSE` to quiet this message.
Rows: 10000 Columns: 6
── Column specification ────────────────────────────────────────────────────────
Delimiter: ","
chr (1): sex
dbl (5): num, auto_p, mito_p, mito_s_p, pheno

ℹ Use `spec()` to retrieve the full column specification for this data.
ℹ Specify the column types or set `show_col_types = FALSE` to quiet this message.
Rows: 10000 Columns: 6
── Column specification ────────────────────────────────────────────────────────
Delimiter: ","
chr (1): sex
dbl (5): num, auto_p, mito_p, mito_s_p, pheno

ℹ Use `spec()` to retrieve the full column specification for this data.
ℹ Specify the column types or set `show_col_types = FALSE` to quiet this message.
Rows: 10000 Columns: 6
── Column specification ────────────────────────────────────────────────────────
Delimiter: ","
chr (1): sex
dbl (5): num, auto_p, mito_p, mito_s_p, pheno

ℹ Use `spec()` to retrieve the full column specification for this data.
ℹ Specify the column types or set `show_col_types = FALSE` to quiet this message.
Rows: 10000 Columns: 6
── Column specification ────────────────────────────────────────────────────────
Delimiter: ","
chr (1): sex
dbl (5): num, auto_p, mito_p, mito_s_p, pheno

ℹ Use `spec()` to retrieve the full column specification for this data.
ℹ Specify the column types or set `show_col_types = FALSE` to quiet this message.
Rows: 10000 Columns: 6
── Column specification ────────────────────────────────────────────────────────
Delimiter: ","
chr (1): sex
dbl (5): num, auto_p, mito_p, mito_s_p, pheno

ℹ Use `spec()` to retrieve the full column specification for this data.
ℹ Specify the column types or set `show_col_types = FALSE` to quiet this message.
Rows: 10000 Columns: 6
── Column specification ────────────────────────────────────────────────────────
Delimiter: ","
chr (1): sex
dbl (5): num, auto_p, mito_p, mito_s_p, pheno

ℹ Use `spec()` to retrieve the full column specification for this data.
ℹ Specify the column types or set `show_col_types = FALSE` to quiet this message.
Rows: 10000 Columns: 6
── Column specification ────────────────────────────────────────────────────────
Delimiter: ","
chr (1): sex
dbl (5): num, auto_p, mito_p, mito_s_p, pheno

ℹ Use `spec()` to retrieve the full column specification for this data.
ℹ Specify the column types or set `show_col_types = FALSE` to quiet this message.
Rows: 10000 Columns: 6
── Column specification ────────────────────────────────────────────────────────
Delimiter: ","
chr (1): sex
dbl (5): num, auto_p, mito_p, mito_s_p, pheno

ℹ Use `spec()` to retrieve the full column specification for this data.
ℹ Specify the column types or set `show_col_types = FALSE` to quiet this message.
Rows: 10000 Columns: 6
── Column specification ────────────────────────────────────────────────────────
Delimiter: ","
chr (1): sex
dbl (5): num, auto_p, mito_p, mito_s_p, pheno

ℹ Use `spec()` to retrieve the full column specification for this data.
ℹ Specify the column types or set `show_col_types = FALSE` to quiet this message.
Rows: 10000 Columns: 6
── Column specification ────────────────────────────────────────────────────────
Delimiter: ","
chr (1): sex
dbl (5): num, auto_p, mito_p, mito_s_p, pheno

ℹ Use `spec()` to retrieve the full column specification for this data.
ℹ Specify the column types or set `show_col_types = FALSE` to quiet this message.
Rows: 10000 Columns: 6
── Column specification ────────────────────────────────────────────────────────
Delimiter: ","
chr (1): sex
dbl (5): num, auto_p, mito_p, mito_s_p, pheno

ℹ Use `spec()` to retrieve the full column specification for this data.
ℹ Specify the column types or set `show_col_types = FALSE` to quiet this message.
Rows: 10000 Columns: 6
── Column specification ────────────────────────────────────────────────────────
Delimiter: ","
chr (1): sex
dbl (5): num, auto_p, mito_p, mito_s_p, pheno

ℹ Use `spec()` to retrieve the full column specification for this data.
ℹ Specify the column types or set `show_col_types = FALSE` to quiet this message.
Rows: 10000 Columns: 6
── Column specification ────────────────────────────────────────────────────────
Delimiter: ","
chr (1): sex
dbl (5): num, auto_p, mito_p, mito_s_p, pheno

ℹ Use `spec()` to retrieve the full column specification for this data.
ℹ Specify the column types or set `show_col_types = FALSE` to quiet this message.
Rows: 10000 Columns: 6
── Column specification ────────────────────────────────────────────────────────
Delimiter: ","
chr (1): sex
dbl (5): num, auto_p, mito_p, mito_s_p, pheno

ℹ Use `spec()` to retrieve the full column specification for this data.
ℹ Specify the column types or set `show_col_types = FALSE` to quiet this message.
Rows: 10000 Columns: 6
── Column specification ────────────────────────────────────────────────────────
Delimiter: ","
chr (1): sex
dbl (5): num, auto_p, mito_p, mito_s_p, pheno

ℹ Use `spec()` to retrieve the full column specification for this data.
ℹ Specify the column types or set `show_col_types = FALSE` to quiet this message.
Rows: 10000 Columns: 6
── Column specification ────────────────────────────────────────────────────────
Delimiter: ","
chr (1): sex
dbl (5): num, auto_p, mito_p, mito_s_p, pheno

ℹ Use `spec()` to retrieve the full column specification for this data.
ℹ Specify the column types or set `show_col_types = FALSE` to quiet this message.
Rows: 10000 Columns: 6
── Column specification ────────────────────────────────────────────────────────
Delimiter: ","
chr (1): sex
dbl (5): num, auto_p, mito_p, mito_s_p, pheno

ℹ Use `spec()` to retrieve the full column specification for this data.
ℹ Specify the column types or set `show_col_types = FALSE` to quiet this message.
Rows: 10000 Columns: 6
── Column specification ────────────────────────────────────────────────────────
Delimiter: ","
chr (1): sex
dbl (5): num, auto_p, mito_p, mito_s_p, pheno

ℹ Use `spec()` to retrieve the full column specification for this data.
ℹ Specify the column types or set `show_col_types = FALSE` to quiet this message.
Rows: 10000 Columns: 6
── Column specification ────────────────────────────────────────────────────────
Delimiter: ","
chr (1): sex
dbl (5): num, auto_p, mito_p, mito_s_p, pheno

ℹ Use `spec()` to retrieve the full column specification for this data.
ℹ Specify the column types or set `show_col_types = FALSE` to quiet this message.
slurmstepd: error: *** JOB 51348961 ON midway3-0099 CANCELLED AT 2026-07-01T13:24:23 ***
slurmstepd: error: *** JOB 51348961 STEPD TERMINATED ON midway3-0099 AT 2026-07-01T13:25:26 DUE TO JOB NOT ENDING WITH SIGNALS ***
slurmstepd: error: eio_handle_mainloop: Abandoning IO 60 secs after job shutdown initiated
